*******************************************************************************
Mon Jan  6 16:35:51 2025


FIT:    data read from '../Data/stop-potential.csv' u 1:2:(0.001) yerror
        format = x:z:s
        #datapoints = 2
function used for fitting: K(x)
	K(v) = h * v + b
fitted parameters initialized with current variable values

iter      chisq       delta/lim  lambda   h             b            
   0 9.0720018560e+11   0.00e+00  4.76e+05    1.000000e+00   1.000000e+00
  10 1.2325951644e-26   0.00e+00  4.76e+00    4.000000e-03  -1.560000e+00

After 10 iterations the fit converged.
final sum of squares of residuals : 1.2326e-26
rel. change during last iteration : 0


Exactly as many data points as there are parameters.
In this degenerate case, all errors are zero by definition.

Final set of parameters 
======================= 

h               = 0.004          
b               = -1.56          
